# Samsung
# Apple
# Nokia
* 1,Backlog,Mouse,F,Rohit,unowned,false